// Jest Snapshot v1, https://goo.gl/fbAQLP

exports[`<Table /> screen matches rendered snapshot 1`] = `
<div>
  <div
    class="relative w-full overflow-auto"
  >
    <table
      class="w-full caption-bottom text-sm"
    >
      <thead
        class="[&_tr]:border-b"
      >
        <tr
          class="border-b transition-colors hover:bg-muted/50 data-[state=selected]:bg-muted"
        >
          <th
            class="h-10 px-2 text-left align-middle font-medium text-muted-foreground [&:has([role=checkbox])]:pr-0 [&>[role=checkbox]]:translate-y-[2px]"
          >
            Bag
          </th>
          <th
            class="h-10 px-2 text-left align-middle font-medium text-muted-foreground [&:has([role=checkbox])]:pr-0 [&>[role=checkbox]]:translate-y-[2px]"
          >
            Item
          </th>
          <th
            class="h-10 px-2 text-left align-middle font-medium text-muted-foreground [&:has([role=checkbox])]:pr-0 [&>[role=checkbox]]:translate-y-[2px]"
          >
            Packed
          </th>
        </tr>
      </thead>
      <tbody
        class="[&_tr:last-child]:border-0"
      >
        <tr
          class="border-b transition-colors hover:bg-muted/50 data-[state=selected]:bg-muted"
        >
          <td
            class="p-2 align-middle [&:has([role=checkbox])]:pr-0 [&>[role=checkbox]]:translate-y-[2px]"
          >
            <button
              aria-expanded="false"
              aria-haspopup="menu"
              class="inline-flex items-center justify-center whitespace-nowrap rounded-md text-sm font-medium transition-colors focus-visible:outline-none focus-visible:ring-1 focus-visible:ring-ring disabled:pointer-events-none disabled:opacity-50 border border-input shadow-sm hover:bg-accent hover:text-accent-foreground h-9 px-4 py-2 bg-red-500"
              data-state="closed"
              id="radix-:r0:"
              type="button"
            >
              backpack
              <svg
                class="h-4 w-4"
                fill="none"
                height="15"
                viewBox="0 0 15 15"
                width="15"
                xmlns="http://www.w3.org/2000/svg"
              >
                <path
                  d="M4 6H11L7.5 10.5L4 6Z"
                  fill="currentColor"
                />
              </svg>
            </button>
          </td>
          <td
            class="p-2 align-middle [&:has([role=checkbox])]:pr-0 [&>[role=checkbox]]:translate-y-[2px]"
          >
            test
          </td>
          <td
            class="p-2 align-middle [&:has([role=checkbox])]:pr-0 [&>[role=checkbox]]:translate-y-[2px]"
          >
            <button
              aria-checked="false"
              class="peer h-4 w-4 shrink-0 rounded-sm border border-primary shadow focus-visible:outline-none focus-visible:ring-1 focus-visible:ring-ring disabled:cursor-not-allowed disabled:opacity-50 data-[state=checked]:bg-primary data-[state=checked]:text-primary-foreground"
              data-state="unchecked"
              role="checkbox"
              type="button"
              value="on"
            />
          </td>
          <td
            class="p-2 align-middle [&:has([role=checkbox])]:pr-0 [&>[role=checkbox]]:translate-y-[2px]"
          >
            <svg
              class="h-4 w-4"
              fill="none"
              height="15"
              viewBox="0 0 15 15"
              width="15"
              xmlns="http://www.w3.org/2000/svg"
            >
              <path
                clip-rule="evenodd"
                d="M7.49991 0.876892C3.84222 0.876892 0.877075 3.84204 0.877075 7.49972C0.877075 11.1574 3.84222 14.1226 7.49991 14.1226C11.1576 14.1226 14.1227 11.1574 14.1227 7.49972C14.1227 3.84204 11.1576 0.876892 7.49991 0.876892ZM1.82707 7.49972C1.82707 4.36671 4.36689 1.82689 7.49991 1.82689C10.6329 1.82689 13.1727 4.36671 13.1727 7.49972C13.1727 10.6327 10.6329 13.1726 7.49991 13.1726C4.36689 13.1726 1.82707 10.6327 1.82707 7.49972ZM4.50003 7C4.22389 7 4.00003 7.22386 4.00003 7.5C4.00003 7.77614 4.22389 8 4.50003 8H10.5C10.7762 8 11 7.77614 11 7.5C11 7.22386 10.7762 7 10.5 7H4.50003Z"
                fill="currentColor"
                fill-rule="evenodd"
              />
            </svg>
          </td>
        </tr>
        <tr
          class="border-b transition-colors hover:bg-muted/50 data-[state=selected]:bg-muted"
        >
          <td
            class="p-2 align-middle [&:has([role=checkbox])]:pr-0 [&>[role=checkbox]]:translate-y-[2px]"
          >
            <button
              aria-expanded="false"
              aria-haspopup="menu"
              class="inline-flex items-center justify-center whitespace-nowrap rounded-md text-sm font-medium transition-colors focus-visible:outline-none focus-visible:ring-1 focus-visible:ring-ring disabled:pointer-events-none disabled:opacity-50 border border-input shadow-sm hover:bg-accent hover:text-accent-foreground h-9 px-4 py-2 bg-green-500"
              data-state="closed"
              id="radix-:r2:"
              type="button"
            >
              toiletries
              <svg
                class="h-4 w-4"
                fill="none"
                height="15"
                viewBox="0 0 15 15"
                width="15"
                xmlns="http://www.w3.org/2000/svg"
              >
                <path
                  d="M4 6H11L7.5 10.5L4 6Z"
                  fill="currentColor"
                />
              </svg>
            </button>
          </td>
          <td
            class="p-2 align-middle [&:has([role=checkbox])]:pr-0 [&>[role=checkbox]]:translate-y-[2px]"
          >
            test
          </td>
          <td
            class="p-2 align-middle [&:has([role=checkbox])]:pr-0 [&>[role=checkbox]]:translate-y-[2px]"
          >
            <button
              aria-checked="false"
              class="peer h-4 w-4 shrink-0 rounded-sm border border-primary shadow focus-visible:outline-none focus-visible:ring-1 focus-visible:ring-ring disabled:cursor-not-allowed disabled:opacity-50 data-[state=checked]:bg-primary data-[state=checked]:text-primary-foreground"
              data-state="unchecked"
              role="checkbox"
              type="button"
              value="on"
            />
          </td>
          <td
            class="p-2 align-middle [&:has([role=checkbox])]:pr-0 [&>[role=checkbox]]:translate-y-[2px]"
          >
            <svg
              class="h-4 w-4"
              fill="none"
              height="15"
              viewBox="0 0 15 15"
              width="15"
              xmlns="http://www.w3.org/2000/svg"
            >
              <path
                clip-rule="evenodd"
                d="M7.49991 0.876892C3.84222 0.876892 0.877075 3.84204 0.877075 7.49972C0.877075 11.1574 3.84222 14.1226 7.49991 14.1226C11.1576 14.1226 14.1227 11.1574 14.1227 7.49972C14.1227 3.84204 11.1576 0.876892 7.49991 0.876892ZM1.82707 7.49972C1.82707 4.36671 4.36689 1.82689 7.49991 1.82689C10.6329 1.82689 13.1727 4.36671 13.1727 7.49972C13.1727 10.6327 10.6329 13.1726 7.49991 13.1726C4.36689 13.1726 1.82707 10.6327 1.82707 7.49972ZM4.50003 7C4.22389 7 4.00003 7.22386 4.00003 7.5C4.00003 7.77614 4.22389 8 4.50003 8H10.5C10.7762 8 11 7.77614 11 7.5C11 7.22386 10.7762 7 10.5 7H4.50003Z"
                fill="currentColor"
                fill-rule="evenodd"
              />
            </svg>
          </td>
        </tr>
        <tr
          class="border-b transition-colors hover:bg-muted/50 data-[state=selected]:bg-muted"
        >
          <td
            class="p-2 align-middle [&:has([role=checkbox])]:pr-0 [&>[role=checkbox]]:translate-y-[2px]"
          >
            <button
              aria-expanded="false"
              aria-haspopup="menu"
              class="inline-flex items-center justify-center whitespace-nowrap rounded-md text-sm font-medium transition-colors focus-visible:outline-none focus-visible:ring-1 focus-visible:ring-ring disabled:pointer-events-none disabled:opacity-50 border border-input shadow-sm hover:bg-accent hover:text-accent-foreground h-9 px-4 py-2 bg-orange-500"
              data-state="closed"
              id="radix-:r4:"
              type="button"
            >
              suitcase
              <svg
                class="h-4 w-4"
                fill="none"
                height="15"
                viewBox="0 0 15 15"
                width="15"
                xmlns="http://www.w3.org/2000/svg"
              >
                <path
                  d="M4 6H11L7.5 10.5L4 6Z"
                  fill="currentColor"
                />
              </svg>
            </button>
          </td>
          <td
            class="p-2 align-middle [&:has([role=checkbox])]:pr-0 [&>[role=checkbox]]:translate-y-[2px]"
          >
            test
          </td>
          <td
            class="p-2 align-middle [&:has([role=checkbox])]:pr-0 [&>[role=checkbox]]:translate-y-[2px]"
          >
            <button
              aria-checked="false"
              class="peer h-4 w-4 shrink-0 rounded-sm border border-primary shadow focus-visible:outline-none focus-visible:ring-1 focus-visible:ring-ring disabled:cursor-not-allowed disabled:opacity-50 data-[state=checked]:bg-primary data-[state=checked]:text-primary-foreground"
              data-state="unchecked"
              role="checkbox"
              type="button"
              value="on"
            />
          </td>
          <td
            class="p-2 align-middle [&:has([role=checkbox])]:pr-0 [&>[role=checkbox]]:translate-y-[2px]"
          >
            <svg
              class="h-4 w-4"
              fill="none"
              height="15"
              viewBox="0 0 15 15"
              width="15"
              xmlns="http://www.w3.org/2000/svg"
            >
              <path
                clip-rule="evenodd"
                d="M7.49991 0.876892C3.84222 0.876892 0.877075 3.84204 0.877075 7.49972C0.877075 11.1574 3.84222 14.1226 7.49991 14.1226C11.1576 14.1226 14.1227 11.1574 14.1227 7.49972C14.1227 3.84204 11.1576 0.876892 7.49991 0.876892ZM1.82707 7.49972C1.82707 4.36671 4.36689 1.82689 7.49991 1.82689C10.6329 1.82689 13.1727 4.36671 13.1727 7.49972C13.1727 10.6327 10.6329 13.1726 7.49991 13.1726C4.36689 13.1726 1.82707 10.6327 1.82707 7.49972ZM4.50003 7C4.22389 7 4.00003 7.22386 4.00003 7.5C4.00003 7.77614 4.22389 8 4.50003 8H10.5C10.7762 8 11 7.77614 11 7.5C11 7.22386 10.7762 7 10.5 7H4.50003Z"
                fill="currentColor"
                fill-rule="evenodd"
              />
            </svg>
          </td>
        </tr>
      </tbody>
    </table>
  </div>
</div>
`;
